MatTallSkinnySVD, iter 0: 201 x 102 matrix, rank upper bound 102
MatTallSkinnySVD, iter 0: orthogonality error || Y'Y - I ||_F = 2.641475e+02
MatTallSkinnySVD, iter 0: reconstruction error || YW - X ||_F = 0.000000e+00
MatTallSkinnySVD, iter 1: 201 x 102 matrix, rank upper bound 100
MatTallSkinnySVD, iter 1: orthogonality error || Y'Y - I ||_F = 1.729844e+00
MatTallSkinnySVD, iter 1: reconstruction error || YW - X ||_F = 1.024586e-13
MatTallSkinnySVD, iter 2: 201 x 102 matrix, rank upper bound 100
MatTallSkinnySVD, iter 2: orthogonality error || Y'Y - I ||_F = 1.000000e+00
MatTallSkinnySVD, iter 2: reconstruction error || YW - X ||_F = 1.135480e-13
MatTallSkinnySVD, iter 3: 201 x 102 matrix, rank upper bound 100
MatTallSkinnySVD, iter 3: orthogonality error || Y'Y - I ||_F = 1.035972e-13
MatTallSkinnySVD, iter 3: reconstruction error || YW - X ||_F = 1.202849e-13
MatTallSkinnySVD, iter 4: 201 x 102 matrix, rank upper bound 100
MatTallSkinnySVD, iter 4: orthogonality error || Y'Y - I ||_F = 3.869500e-14
MatTallSkinnySVD, iter 4: reconstruction error || YW - X ||_F = 1.260167e-13
(201 x 102): ||U'U-I||_F = 4.504104e-14, ||V'V-I||_F = 2.229878e-14, ||USV'-X||_F = 1.766020e-13
(201 x 102): ||X - UU'X||_F = 1.876612e-13 ||X - XVV'||_F = 1.108107e-13
MatTallSkinnySVD, iter 0: 201 x 102 matrix, rank upper bound 102
MatTallSkinnySVD, iter 0: orthogonality error || Y'Y - I ||_F = 2.641475e+02
MatTallSkinnySVD, iter 0: reconstruction error || YW - X ||_F = 0.000000e+00
MatTallSkinnySVD, iter 1: 201 x 102 matrix, rank upper bound 100
MatTallSkinnySVD, iter 1: orthogonality error || Y'Y - I ||_F = 1.729844e+00
MatTallSkinnySVD, iter 1: reconstruction error || YW - X ||_F = 1.024586e-13
MatTallSkinnySVD, iter 2: 201 x 102 matrix, rank upper bound 100
MatTallSkinnySVD, iter 2: orthogonality error || Y'Y - I ||_F = 1.000000e+00
MatTallSkinnySVD, iter 2: reconstruction error || YW - X ||_F = 1.135480e-13
MatTallSkinnySVD, iter 3: 201 x 102 matrix, rank upper bound 100
MatTallSkinnySVD, iter 3: orthogonality error || Y'Y - I ||_F = 1.035972e-13
MatTallSkinnySVD, iter 3: reconstruction error || YW - X ||_F = 1.202849e-13
MatTallSkinnySVD, iter 4: 201 x 102 matrix, rank upper bound 100
MatTallSkinnySVD, iter 4: orthogonality error || Y'Y - I ||_F = 3.869500e-14
MatTallSkinnySVD, iter 4: reconstruction error || YW - X ||_F = 1.260167e-13
(201 x 102): ||U'U-I||_F = 4.504104e-14, ||V'V-I||_F = 2.229878e-14, ||USV'-X||_F = 1.766020e-13
(201 x 102): ||X - UU'X||_F = 1.876612e-13 ||X - XVV'||_F = 1.108107e-13
