ISLocalToGlobalMapping Object: 3 MPI processes
  type not yet set
[0] 0 0
[0] 1 1
[0] 2 2
[0] 3 3
[0] 4 1
[0] 5 4
[0] 6 3
[0] 7 5
[2] 0 2
[2] 1 3
[2] 2 6
[2] 3 7
[2] 4 3
[2] 5 5
[2] 6 7
[2] 7 8
GETINFO OUTPUT
[0] Local NP 2
[0]   procs[0] = 0, shared 6
[0]     ids[0] = 1
[0]     ids[1] = 4
[0]     ids[2] = 2
[0]     ids[3] = 3
[0]     ids[4] = 6
[0]     ids[5] = 7
[0]   procs[1] = 2, shared 4
[0]     ids[0] = 2
[0]     ids[1] = 3
[0]     ids[2] = 6
[0]     ids[3] = 7
[1] Local NP 0
[2] Local NP 2
[2]   procs[0] = 2, shared 6
[2]     ids[0] = 0
[2]     ids[1] = 1
[2]     ids[2] = 4
[2]     ids[3] = 5
[2]     ids[4] = 3
[2]     ids[5] = 6
[2]   procs[1] = 0, shared 4
[2]     ids[0] = 0
[2]     ids[1] = 1
[2]     ids[2] = 4
[2]     ids[3] = 5
GETNODEINFO OUTPUT
[0] Local N 8
[0]   sharedby[0] = 1
[0]     ids[0] = 0
[0]   sharedby[1] = 2
[0]     ids[0] = 0
[0]     ids[1] = 0
[0]   sharedby[2] = 2
[0]     ids[0] = 0
[0]     ids[1] = 2
[0]   sharedby[3] = 4
[0]     ids[0] = 0
[0]     ids[1] = 0
[0]     ids[2] = 2
[0]     ids[3] = 2
[0]   sharedby[4] = 2
[0]     ids[0] = 0
[0]     ids[1] = 0
[0]   sharedby[5] = 1
[0]     ids[0] = 0
[0]   sharedby[6] = 4
[0]     ids[0] = 0
[0]     ids[1] = 0
[0]     ids[2] = 2
[0]     ids[3] = 2
[0]   sharedby[7] = 2
[0]     ids[0] = 0
[0]     ids[1] = 2
[1] Local N 0
[2] Local N 8
[2]   sharedby[0] = 2
[2]     ids[0] = 0
[2]     ids[1] = 2
[2]   sharedby[1] = 4
[2]     ids[0] = 0
[2]     ids[1] = 0
[2]     ids[2] = 2
[2]     ids[3] = 2
[2]   sharedby[2] = 1
[2]     ids[0] = 2
[2]   sharedby[3] = 2
[2]     ids[0] = 2
[2]     ids[1] = 2
[2]   sharedby[4] = 4
[2]     ids[0] = 0
[2]     ids[1] = 0
[2]     ids[2] = 2
[2]     ids[3] = 2
[2]   sharedby[5] = 2
[2]     ids[0] = 0
[2]     ids[1] = 2
[2]   sharedby[6] = 2
[2]     ids[0] = 2
[2]     ids[1] = 2
[2]   sharedby[7] = 1
[2]     ids[0] = 2
