ISLocalToGlobalMapping Object: 2 MPI processes
  type not yet set
[0] 0 0
[0] 1 1
[0] 2 2
[0] 3 3
[0] 4 1
[0] 5 4
[0] 6 3
[0] 7 5
[1] 0 2
[1] 1 3
[1] 2 6
[1] 3 7
[1] 4 3
[1] 5 5
[1] 6 7
[1] 7 8
GETINFO OUTPUT
[0] Local NP 2
[0]   procs[0] = 0, shared 6
[0]     ids[0] = 1
[0]     ids[1] = 4
[0]     ids[2] = 2
[0]     ids[3] = 3
[0]     ids[4] = 6
[0]     ids[5] = 7
[0]   procs[1] = 1, shared 4
[0]     ids[0] = 2
[0]     ids[1] = 3
[0]     ids[2] = 6
[0]     ids[3] = 7
[1] Local NP 2
[1]   procs[0] = 1, shared 6
[1]     ids[0] = 0
[1]     ids[1] = 1
[1]     ids[2] = 4
[1]     ids[3] = 5
[1]     ids[4] = 3
[1]     ids[5] = 6
[1]   procs[1] = 0, shared 4
[1]     ids[0] = 0
[1]     ids[1] = 1
[1]     ids[2] = 4
[1]     ids[3] = 5
GETNODEINFO OUTPUT
[0] Local N 8
[0]   sharedby[0] = 1
[0]     ids[0] = 0
[0]   sharedby[1] = 2
[0]     ids[0] = 0
[0]     ids[1] = 0
[0]   sharedby[2] = 2
[0]     ids[0] = 0
[0]     ids[1] = 1
[0]   sharedby[3] = 4
[0]     ids[0] = 0
[0]     ids[1] = 0
[0]     ids[2] = 1
[0]     ids[3] = 1
[0]   sharedby[4] = 2
[0]     ids[0] = 0
[0]     ids[1] = 0
[0]   sharedby[5] = 1
[0]     ids[0] = 0
[0]   sharedby[6] = 4
[0]     ids[0] = 0
[0]     ids[1] = 0
[0]     ids[2] = 1
[0]     ids[3] = 1
[0]   sharedby[7] = 2
[0]     ids[0] = 0
[0]     ids[1] = 1
[1] Local N 8
[1]   sharedby[0] = 2
[1]     ids[0] = 0
[1]     ids[1] = 1
[1]   sharedby[1] = 4
[1]     ids[0] = 0
[1]     ids[1] = 0
[1]     ids[2] = 1
[1]     ids[3] = 1
[1]   sharedby[2] = 1
[1]     ids[0] = 1
[1]   sharedby[3] = 2
[1]     ids[0] = 1
[1]     ids[1] = 1
[1]   sharedby[4] = 4
[1]     ids[0] = 0
[1]     ids[1] = 0
[1]     ids[2] = 1
[1]     ids[3] = 1
[1]   sharedby[5] = 2
[1]     ids[0] = 0
[1]     ids[1] = 1
[1]   sharedby[6] = 2
[1]     ids[0] = 1
[1]     ids[1] = 1
[1]   sharedby[7] = 1
[1]     ids[0] = 1
