ISLocalToGlobalMapping Object: 1 MPI process
  type not yet set
GETINFO OUTPUT
[0] Local NP 0
GETNODEINFO OUTPUT
[0] Local N 0
