ISLocalToGlobalMapping Object: 4 MPI processes
  type not yet set
[0] 0 0
[0] 1 1
[0] 2 2
[0] 3 3
[1] 0 2
[1] 1 3
[1] 2 6
[1] 3 7
[2] 0 1
[2] 1 4
[2] 2 3
[2] 3 5
[3] 0 3
[3] 1 5
[3] 2 7
[3] 3 8
GETINFO OUTPUT
[0] Local NP 4
[0]   procs[0] = 0, shared 3
[0]     ids[0] = 1
[0]     ids[1] = 2
[0]     ids[2] = 3
[0]   procs[1] = 1, shared 2
[0]     ids[0] = 2
[0]     ids[1] = 3
[0]   procs[2] = 2, shared 2
[0]     ids[0] = 1
[0]     ids[1] = 3
[0]   procs[3] = 3, shared 1
[0]     ids[0] = 3
[1] Local NP 4
[1]   procs[0] = 1, shared 3
[1]     ids[0] = 0
[1]     ids[1] = 1
[1]     ids[2] = 3
[1]   procs[1] = 0, shared 2
[1]     ids[0] = 0
[1]     ids[1] = 1
[1]   procs[2] = 2, shared 1
[1]     ids[0] = 1
[1]   procs[3] = 3, shared 2
[1]     ids[0] = 1
[1]     ids[1] = 3
[2] Local NP 4
[2]   procs[0] = 2, shared 3
[2]     ids[0] = 0
[2]     ids[1] = 2
[2]     ids[2] = 3
[2]   procs[1] = 0, shared 2
[2]     ids[0] = 0
[2]     ids[1] = 2
[2]   procs[2] = 1, shared 1
[2]     ids[0] = 2
[2]   procs[3] = 3, shared 2
[2]     ids[0] = 2
[2]     ids[1] = 3
[3] Local NP 4
[3]   procs[0] = 3, shared 3
[3]     ids[0] = 0
[3]     ids[1] = 1
[3]     ids[2] = 2
[3]   procs[1] = 0, shared 1
[3]     ids[0] = 0
[3]   procs[2] = 1, shared 2
[3]     ids[0] = 0
[3]     ids[1] = 2
[3]   procs[3] = 2, shared 2
[3]     ids[0] = 0
[3]     ids[1] = 1
GETNODEINFO OUTPUT
[0] Local N 4
[0]   sharedby[0] = 1
[0]     ids[0] = 0
[0]   sharedby[1] = 2
[0]     ids[0] = 0
[0]     ids[1] = 2
[0]   sharedby[2] = 2
[0]     ids[0] = 0
[0]     ids[1] = 1
[0]   sharedby[3] = 4
[0]     ids[0] = 0
[0]     ids[1] = 1
[0]     ids[2] = 2
[0]     ids[3] = 3
[1] Local N 4
[1]   sharedby[0] = 2
[1]     ids[0] = 0
[1]     ids[1] = 1
[1]   sharedby[1] = 4
[1]     ids[0] = 0
[1]     ids[1] = 1
[1]     ids[2] = 2
[1]     ids[3] = 3
[1]   sharedby[2] = 1
[1]     ids[0] = 1
[1]   sharedby[3] = 2
[1]     ids[0] = 1
[1]     ids[1] = 3
[2] Local N 4
[2]   sharedby[0] = 2
[2]     ids[0] = 0
[2]     ids[1] = 2
[2]   sharedby[1] = 1
[2]     ids[0] = 2
[2]   sharedby[2] = 4
[2]     ids[0] = 0
[2]     ids[1] = 1
[2]     ids[2] = 2
[2]     ids[3] = 3
[2]   sharedby[3] = 2
[2]     ids[0] = 2
[2]     ids[1] = 3
[3] Local N 4
[3]   sharedby[0] = 4
[3]     ids[0] = 0
[3]     ids[1] = 1
[3]     ids[2] = 2
[3]     ids[3] = 3
[3]   sharedby[1] = 2
[3]     ids[0] = 2
[3]     ids[1] = 3
[3]   sharedby[2] = 2
[3]     ids[0] = 1
[3]     ids[1] = 3
[3]   sharedby[3] = 1
[3]     ids[0] = 3
