ISLocalToGlobalMapping Object: 3 MPI processes
  type not yet set
GETINFO OUTPUT
[0] Local NP 0
[1] Local NP 0
[2] Local NP 0
GETNODEINFO OUTPUT
[0] Local N 0
[1] Local N 0
[2] Local N 0
