Mat Object: 1 MPI process
  type: lmvmdiagbroyden
  Scale history: 1
  Scale params: alpha=1., beta=0.5, rho=1.
  Convex factor: theta=0.
  Max. storage: 1
  Used storage: 0
  Number of updates: 0
  Number of rejects: 0
  Number of resets: 0
  J0 Matrix:
  Mat Object: (lmvm_J0_) 1 MPI process
    type: constantdiagonal
    rows=4, cols=4
    total: nonzeros=1, allocated nonzeros=1
    total number of mallocs used during MatSetValues calls=0
Mat Object: 1 MPI process
  type: lmvmdiagbroyden
  Scale history: 1
  Scale params: alpha=1., beta=0.5, rho=1.
  Convex factor: theta=0.
  Max. storage: 1
  Used storage: 1
  Number of updates: 1
  Number of rejects: 0
  Number of resets: 0
  J0 Matrix:
  Mat Object: (lmvm_J0_) 1 MPI process
    type: constantdiagonal
    rows=4, cols=4
    total: nonzeros=1, allocated nonzeros=1
    total number of mallocs used during MatSetValues calls=0
Mat Object: 1 MPI process
  type: lmvmdiagbroyden
  Scale history: 1
  Scale params: alpha=1., beta=0.5, rho=1.
  Convex factor: theta=0.
  Max. storage: 1
  Used storage: 0
  Number of updates: 1
  Number of rejects: 0
  Number of resets: 1
  J0 Matrix:
  Mat Object: (lmvm_J0_) 1 MPI process
    type: constantdiagonal
    rows=4, cols=4
    total: nonzeros=1, allocated nonzeros=1
    total number of mallocs used during MatSetValues calls=0
Mat Object: 1 MPI process
  type: lmvmdiagbroyden
  Scale history: 1
  Scale params: alpha=1., beta=0.5, rho=1.
  Convex factor: theta=0.
  Max. storage: 1
  Used storage: 0
  Number of updates: 1
  Number of rejects: 0
  Number of resets: 2
  J0 Matrix:
  Mat Object: (lmvm_J0_) 1 MPI process
    type: constantdiagonal
    rows=4, cols=4
    total: nonzeros=1, allocated nonzeros=1
    total number of mallocs used during MatSetValues calls=0
Mat Object: 1 MPI process
  type: lmvmdiagbroyden
  Scale history: 1
  Scale params: alpha=1., beta=0.5, rho=1.
  Convex factor: theta=0.
  Max. storage: 1
  Used storage: 0
  Number of updates: 1
  Number of rejects: 0
  Number of resets: 3
  J0 Matrix:
  Mat Object: (lmvm_J0_) 1 MPI process
    type: constantdiagonal
    rows=4, cols=4
    total: nonzeros=1, allocated nonzeros=1
    total number of mallocs used during MatSetValues calls=0
Mat Object: 1 MPI process
  type: lmvmdiagbroyden
  Scale history: 1
  Scale params: alpha=1., beta=0.5, rho=1.
  Convex factor: theta=0.
  Max. storage: 1
  Used storage: 1
  Number of updates: 2
  Number of rejects: 0
  Number of resets: 3
  J0 Matrix:
  Mat Object: (lmvm_J0_) 1 MPI process
    type: constantdiagonal
    rows=4, cols=4
    total: nonzeros=1, allocated nonzeros=1
    total number of mallocs used during MatSetValues calls=0
Mat Object: 1 MPI process
  type: lmvmdiagbroyden
  Scale history: 1
  Scale params: alpha=1., beta=0.5, rho=1.
  Convex factor: theta=0.
  Max. storage: 1
  Used storage: 0
  Number of updates: 2
  Number of rejects: 0
  Number of resets: 4
  J0 Matrix:
  Mat Object: (lmvm_J0_) 1 MPI process
    type: constantdiagonal
    rows=4, cols=4
    total: nonzeros=1, allocated nonzeros=1
    total number of mallocs used during MatSetValues calls=0
Mat Object: 1 MPI process
  type: lmvmdiagbroyden
  Scale history: 1
  Scale params: alpha=1., beta=0.5, rho=1.
  Convex factor: theta=0.
  Max. storage: 1
  Used storage: 0
  Number of updates: 2
  Number of rejects: 0
  Number of resets: 5
  J0 Matrix:
  Mat Object: (lmvm_J0_) 1 MPI process
    type: constantdiagonal
    rows=4, cols=4
    total: nonzeros=1, allocated nonzeros=1
    total number of mallocs used during MatSetValues calls=0
Mat Object: 1 MPI process
  type: lmvmdiagbroyden
  Scale history: 1
  Scale params: alpha=1., beta=0.5, rho=1.
  Convex factor: theta=0.
  Max. storage: 1
  Used storage: 1
  Number of updates: 3
  Number of rejects: 0
  Number of resets: 5
  J0 Matrix:
  Mat Object: (lmvm_J0_) 1 MPI process
    type: constantdiagonal
    rows=4, cols=4
    total: nonzeros=1, allocated nonzeros=1
    total number of mallocs used during MatSetValues calls=0
Mat Object: 1 MPI process
  type: lmvmdiagbroyden
  Scale history: 1
  Scale params: alpha=1., beta=0.5, rho=1.
  Convex factor: theta=0.
  Max. storage: 1
  Used storage: 1
  Number of updates: 4
  Number of rejects: 0
  Number of resets: 5
  J0 Matrix:
  Mat Object: (lmvm_J0_) 1 MPI process
    type: constantdiagonal
    rows=4, cols=4
    total: nonzeros=1, allocated nonzeros=1
    total number of mallocs used during MatSetValues calls=0
