0 TS dt 0.1 time 0.
1 TS dt 0.119232 time 0.1
2 TS dt 0.111692 time 0.219232
3 TS dt 0.0908568 time 0.318286
4 TS dt 0.0454284 time 0.409143
5 TS dt 0.0454284 time 0.454572
6 TS dt 0.0725051 time 0.5
7 TS dt 0.0649029 time 0.564277
8 TS dt 0.0574738 time 0.621207
9 TS dt 0.0515491 time 0.672381
10 TS dt 0.0465981 time 0.72393
11 TS dt 0.0425941 time 0.770528
12 TS dt 0.0395378 time 0.813122
13 TS dt 0.0372107 time 0.85266
14 TS dt 0.0354508 time 0.889871
15 TS dt 0.0341421 time 0.925322
16 TS dt 0.0202681 time 0.959464
17 TS dt 0.0202681 time 0.979732
18 TS dt 0.0321707 time 1.
Time Span:  0. 0.5 1.
