0 TS dt 0.1 time 0.
1 TS dt 0.1 time 0.1
2 TS dt 0.1 time 0.2
3 TS dt 0.10225 time 0.3
4 TS dt 0.0902657 time 0.389222
5 TS dt 0.0664592 time 0.467082
6 TS dt 0.0664592 time 0.533541
7 TS dt 0.0604963 time 0.6
8 TS dt 0.0536757 time 0.653218
9 TS dt 0.0485352 time 0.70146
10 TS dt 0.0442662 time 0.749995
11 TS dt 0.0408191 time 0.794262
12 TS dt 0.0381856 time 0.835081
13 TS dt 0.0361856 time 0.873266
14 TS dt 0.0346848 time 0.909452
15 TS dt 0.0279316 time 0.944137
16 TS dt 0.0279316 time 0.972068
17 TS dt 0.0323346 time 1.
Time Span:  0. 0.3 0.6 1.
