MatDenseColsGEMVH 0 0.00e+00 0 0.00e+00 100
MatDenseColsGEMV 0 0.00e+00 0 0.00e+00 100
MatDenseColsGEMMH 0 0.00e+00 0 0.00e+00 100
MatDenseColsGEMM 0 0.00e+00 0 0.00e+00 100
MatDenseColsGEMVH 0 0.00e+00 0 0.00e+00 100
MatDenseColsGEMV 0 0.00e+00 0 0.00e+00 100
MatDenseColsGEMMH 0 0.00e+00 0 0.00e+00 100
MatDenseColsGEMM 0 0.00e+00 0 0.00e+00 100
