Actions accomplished 34
Objects created 1 destroyed 1
