Found ps_tool_initialize(), registering tool
ps_tool_initialize()
ps_tool_timer_create("Main Stage")
ps_tool_timer_start() [Main Stage]
ps_tool_timer_create("PetscBarrier")
ps_tool_timer_create("BuildTwoSided")
ps_tool_timer_create("BuildTwoSidedF")
ps_tool_timer_create("Event2")
ps_tool_timer_create("Event1")
ps_tool_timer_create("Event3")
ps_tool_timer_start() [Event1]
ps_tool_timer_start() [Event2]
ps_tool_timer_start() [Event3]
ps_tool_timer_stop() [Event3]
ps_tool_timer_stop() [Event2]
ps_tool_timer_stop() [Event1]
ps_tool_timer_create("Stage1")
ps_tool_timer_create("Stage2")
ps_tool_timer_start() [Stage1]
ps_tool_timer_start() [Event1]
ps_tool_timer_start() [Event2]
ps_tool_timer_start() [Event3]
ps_tool_timer_stop() [Event3]
ps_tool_timer_stop() [Event2]
ps_tool_timer_stop() [Event1]
ps_tool_timer_stop() [Stage1]
ps_tool_timer_start() [Stage2]
ps_tool_timer_start() [Event1]
ps_tool_timer_start() [Event2]
ps_tool_timer_start() [Event3]
ps_tool_timer_stop() [Event3]
ps_tool_timer_stop() [Event2]
ps_tool_timer_stop() [Event1]
ps_tool_timer_start() [Stage1]
ps_tool_timer_start() [Event1]
ps_tool_timer_start() [Event2]
ps_tool_timer_start() [Event3]
ps_tool_timer_stop() [Event3]
ps_tool_timer_stop() [Event2]
ps_tool_timer_stop() [Event1]
ps_tool_timer_stop() [Stage1]
ps_tool_timer_start() [Event1]
ps_tool_timer_start() [Stage1]
ps_tool_timer_start() [Event2]
ps_tool_timer_start() [Event3]
ps_tool_timer_stop() [Event3]
ps_tool_timer_stop() [Event2]
ps_tool_timer_stop() [Stage1]
ps_tool_timer_stop() [Event1]
ps_tool_timer_stop() [Stage2]
ps_tool_timer_stop() [Main Stage]
ps_tool_finalize()
