DM Object: DMinit 1 MPI processes
  type: plex
DMinit in 2 dimensions:
  0-cells: 100
  1-cells: 261
  2-cells: 162
Labels:
  celltype: 3 strata with value/size (0 (100), 3 (162), 1 (261))
  depth: 3 strata with value/size (0 (100), 1 (261), 2 (162))
  marker: 1 strata with value/size (1 (72))
  Face Sets: 1 strata with value/size (1 (36))
DM Object: DMadapt (adapt_) 1 MPI processes
  type: plex
DMadapt in 2 dimensions:
  0-cells: 225
  1-cells: 616
  2-cells: 392
Labels:
  celltype: 3 strata with value/size (0 (225), 3 (392), 1 (616))
  depth: 3 strata with value/size (0 (225), 1 (616), 2 (392))
  marker: 1 strata with value/size (1 (56))
