DM Object: DMinit 1 MPI processes
  type: plex
DMinit in 2 dimensions:
  0-cells: 100
  1-cells: 261
  2-cells: 162
Labels:
  celltype: 3 strata with value/size (0 (100), 3 (162), 1 (261))
  depth: 3 strata with value/size (0 (100), 1 (261), 2 (162))
  marker: 1 strata with value/size (1 (72))
  Face Sets: 1 strata with value/size (1 (36))
DM Object: DMadapt (adapt_) 1 MPI processes
  type: plex
DMadapt in 2 dimensions:
  0-cells: 223
  1-cells: 615
  2-cells: 393
Labels:
  celltype: 3 strata with value/size (0 (223), 3 (393), 1 (615))
  depth: 3 strata with value/size (0 (223), 1 (615), 2 (393))
  marker: 1 strata with value/size (1 (51))
