DM Object: Simplicial Mesh 1 MPI processes
  type: plex
Simplicial Mesh in 2 dimensions:
  0-cells: 30
  1-cells: 49 (24)
  2-cells: 20
Labels:
  celltype: 4 strata with value/size (1 (25), 5 (20), 0 (30), 2 (24))
  depth: 3 strata with value/size (0 (30), 1 (49), 2 (20))
