DM Object: Pre Adaptation Mesh 1 MPI processes
  type: plex
Pre Adaptation Mesh in 2 dimensions:
  0-cells: 16
  1-cells: 33
  2-cells: 18
Labels:
  celltype: 3 strata with value/size (0 (16), 3 (18), 1 (33))
  depth: 3 strata with value/size (0 (16), 1 (33), 2 (18))
  marker: 1 strata with value/size (1 (24))
  Face Sets: 1 strata with value/size (1 (12))
DM Object: Post Adaptation Mesh 1 MPI processes
  type: plex
Post Adaptation Mesh in 2 dimensions:
  0-cells: 49
  1-cells: 120
  2-cells: 72
Labels:
  celltype: 3 strata with value/size (1 (120), 3 (72), 0 (49))
  depth: 3 strata with value/size (0 (49), 1 (120), 2 (72))
  marker: 1 strata with value/size (1 (48))
  Face Sets: 1 strata with value/size (1 (36))
