DM Object: DM_init 1 MPI processes
  type: plex
DM_init in 3 dimensions:
  0-cells: 125
  1-cells: 604
  2-cells: 864
  3-cells: 384
Labels:
  marker: 1 strata with value/size (1 (317))
  celltype: 4 strata with value/size (0 (125), 6 (384), 3 (864), 1 (604))
  depth: 4 strata with value/size (0 (125), 1 (604), 2 (864), 3 (384))
Field P1:
  adjacency FEM
DM Object: DM_adapted 1 MPI processes
  type: plex
DM_adapted in 3 dimensions:
  0-cells: 325
  1-cells: 1789
  2-cells: 2750
  3-cells: 1285
Labels:
  celltype: 4 strata with value/size (0 (325), 6 (1285), 3 (2750), 1 (1789))
  depth: 4 strata with value/size (0 (325), 1 (1789), 2 (2750), 3 (1285))
  _boundary_: 1 strata with value/size (1 (360))
  _regions_: 1 strata with value/size (0 (384))
