DM Object: DM_init 1 MPI processes
  type: plex
DM_init in 2 dimensions:
  0-cells: 25
  1-cells: 56
  2-cells: 32
Labels:
  celltype: 3 strata with value/size (0 (25), 3 (32), 1 (56))
  depth: 3 strata with value/size (0 (25), 1 (56), 2 (32))
  marker: 1 strata with value/size (1 (32))
  Face Sets: 1 strata with value/size (1 (16))
Field P1:
  adjacency FEM
DM Object: DM_adapted 1 MPI processes
  type: plex
DM_adapted in 2 dimensions:
  0-cells: 150
  1-cells: 404
  2-cells: 255
Labels:
  celltype: 3 strata with value/size (0 (150), 3 (255), 1 (404))
  depth: 3 strata with value/size (0 (150), 1 (404), 2 (255))
  _boundary_: 1 strata with value/size (1 (43))
  _regions_: 1 strata with value/size (0 (32))
