DM Object: ex96f90 1 MPI process
  type: plex
ex96f90 in 2 dimensions:
  Number of 0-cells per rank: 4
  Number of 1-cells per rank: 5
  Number of 2-cells per rank: 2
Labels:
  celltype: 3 strata with value/size (0 (4), 3 (2), 1 (5))
  depth: 3 strata with value/size (0 (4), 1 (5), 2 (2))
  marker: 1 strata with value/size (1 (8))
  Face Sets: 1 strata with value/size (1 (4))
Size of stratum depth:   5 
IS Object: 1 MPI process
  type: stride
Number of indices in (stride) set 5
0 6
1 7
2 8
3 9
4 10
Size of stratum zorglub:   0 
IS is null 
