DM Object: Mesh 1 MPI processes
  type: plex
Mesh in 2 dimensions:
  0-cells: 9
  1-cells: 16
  2-cells: 8
Labels:
  depth: 3 strata with value/size (0 (9), 1 (16), 2 (8))
  marker: 1 strata with value/size (1 (16))
  Face Sets: 1 strata with value/size (1 (8))
Petsc FE Residual Integration: 8 integrals 1 chunks 1 reps
  Cell rate: 92721.32/s flop rate: 35.05 MF/s
DMPlex Residual Integration: 8 integrals 1 reps
  Cell rate: 50356.92/s flop rate: 19.44 MF/s
