  0 TAO,  Function value: 1.4176,  Residual: 7.41172 
  1 TAO,  Function value: 0.447004,  Residual: 0.749103 
  2 TAO,  Function value: 0.233057,  Residual: 0.510186 
  3 TAO,  Function value: 0.060365,  Residual: 0.239748 
  4 TAO,  Function value: 0.0400115,  Residual: 0.0956567 
  5 TAO,  Function value: 0.0358308,  Residual: 0.071439 
  6 TAO,  Function value: 0.0302181,  Residual: 0.0659664 
  7 TAO,  Function value: 0.0235405,  Residual: 0.0436772 
  8 TAO,  Function value: 0.0190234,  Residual: 0.0278284 
  9 TAO,  Function value: 0.00712716,  Residual: 0.00572099 
 10 TAO,  Function value: 5.98348e-25,  Residual: 1.35794e-12 
Tao Object: 1 MPI process
  type: lmvm
    Gradient steps: 1
  TaoLineSearch Object: 1 MPI process
    type: more-thuente
    maximum function evaluations=30
    tolerances: ftol=0.0001, rtol=1e-10, gtol=1e-06
    total number of function evaluations=0
    total number of gradient evaluations=0
    total number of function/gradient evaluations=3
    Termination reason: 1
  convergence tolerances: gatol=1e-08,   steptol=0.,   gttol=0.
  Residual in Function/Gradient:=1.35794e-12
  Objective value=5.98348e-25
  total number of iterations=10,                          (max: 2000)
  total number of function/gradient evaluations=25,      (max: 4000)
  Solution converged:    ||g(X)|| <= gatol
