DMTAOL1 Case
distance between ground truth and solution: < 1.e-12
