		[0] ExtrudeTorus 0) psi=  1.5556e+00 theta=  3.9270e+00 phi=  0.0000e+00. Cart=  3.9000e+00, -1.1000e+00,  0.0000e+00--> X =   3.9000e+00, -1.1000e+00, -0.0000e+00 
		[0] ExtrudeTorus 1) psi=  1.5556e+00 theta=  3.9270e+00 phi=  1.5708e+00. Cart=  3.9000e+00, -1.1000e+00,  7.8540e+00--> X =   2.3881e-16, -1.1000e+00, -3.9000e+00 
		[0] ExtrudeTorus 2) psi=  1.5556e+00 theta=  3.9270e+00 phi=  3.1416e+00. Cart=  3.9000e+00, -1.1000e+00,  1.5708e+01--> X =  -3.9000e+00, -1.1000e+00, -4.7761e-16 
		[0] ExtrudeTorus 3) psi=  1.5556e+00 theta=  3.9270e+00 phi=  4.7124e+00. Cart=  3.9000e+00, -1.1000e+00,  2.3562e+01--> X =  -7.1642e-16, -1.1000e+00,  3.9000e+00 
		[0] ExtrudeTorus 4) psi=  1.5556e+00 theta=  3.9270e+00 phi=  6.2832e+00. Cart=  3.9000e+00, -1.1000e+00,  3.1416e+01--> X =   3.9000e+00, -1.1000e+00,  9.5522e-16 
		[0] ExtrudeTorus 5) psi=  1.1000e+00 theta=  4.7124e+00 phi=  0.0000e+00. Cart=  5.0000e+00, -1.1000e+00,  0.0000e+00--> X =   5.0000e+00, -1.1000e+00, -0.0000e+00 
		[0] ExtrudeTorus 6) psi=  1.1000e+00 theta=  4.7124e+00 phi=  1.5708e+00. Cart=  5.0000e+00, -1.1000e+00,  7.8540e+00--> X =   3.0616e-16, -1.1000e+00, -5.0000e+00 
		[0] ExtrudeTorus 7) psi=  1.1000e+00 theta=  4.7124e+00 phi=  3.1416e+00. Cart=  5.0000e+00, -1.1000e+00,  1.5708e+01--> X =  -5.0000e+00, -1.1000e+00, -6.1232e-16 
		[0] ExtrudeTorus 8) psi=  1.1000e+00 theta=  4.7124e+00 phi=  4.7124e+00. Cart=  5.0000e+00, -1.1000e+00,  2.3562e+01--> X =  -9.1849e-16, -1.1000e+00,  5.0000e+00 
		[0] ExtrudeTorus 9) psi=  1.1000e+00 theta=  4.7124e+00 phi=  6.2832e+00. Cart=  5.0000e+00, -1.1000e+00,  3.1416e+01--> X =   5.0000e+00, -1.1000e+00,  1.2246e-15 
		[0] ExtrudeTorus 10) psi=  1.5556e+00 theta=  5.4978e+00 phi=  0.0000e+00. Cart=  6.1000e+00, -1.1000e+00,  0.0000e+00--> X =   6.1000e+00, -1.1000e+00, -0.0000e+00 
		[0] ExtrudeTorus 11) psi=  1.5556e+00 theta=  5.4978e+00 phi=  1.5708e+00. Cart=  6.1000e+00, -1.1000e+00,  7.8540e+00--> X =   3.7352e-16, -1.1000e+00, -6.1000e+00 
		[0] ExtrudeTorus 12) psi=  1.5556e+00 theta=  5.4978e+00 phi=  3.1416e+00. Cart=  6.1000e+00, -1.1000e+00,  1.5708e+01--> X =  -6.1000e+00, -1.1000e+00, -7.4703e-16 
		[0] ExtrudeTorus 13) psi=  1.5556e+00 theta=  5.4978e+00 phi=  4.7124e+00. Cart=  6.1000e+00, -1.1000e+00,  2.3562e+01--> X =  -1.1206e-15, -1.1000e+00,  6.1000e+00 
		[0] ExtrudeTorus 14) psi=  1.5556e+00 theta=  5.4978e+00 phi=  6.2832e+00. Cart=  6.1000e+00, -1.1000e+00,  3.1416e+01--> X =   6.1000e+00, -1.1000e+00,  1.4941e-15 
		[0] ExtrudeTorus 15) psi=  1.1000e+00 theta=  3.1416e+00 phi=  0.0000e+00. Cart=  3.9000e+00,  0.0000e+00,  0.0000e+00--> X =   3.9000e+00,  1.3471e-16, -0.0000e+00 
		[0] ExtrudeTorus 16) psi=  1.1000e+00 theta=  3.1416e+00 phi=  1.5708e+00. Cart=  3.9000e+00,  0.0000e+00,  7.8540e+00--> X =   2.3881e-16,  1.3471e-16, -3.9000e+00 
		[0] ExtrudeTorus 17) psi=  1.1000e+00 theta=  3.1416e+00 phi=  3.1416e+00. Cart=  3.9000e+00,  0.0000e+00,  1.5708e+01--> X =  -3.9000e+00,  1.3471e-16, -4.7761e-16 
		[0] ExtrudeTorus 18) psi=  1.1000e+00 theta=  3.1416e+00 phi=  4.7124e+00. Cart=  3.9000e+00,  0.0000e+00,  2.3562e+01--> X =  -7.1642e-16,  1.3471e-16,  3.9000e+00 
		[0] ExtrudeTorus 19) psi=  1.1000e+00 theta=  3.1416e+00 phi=  6.2832e+00. Cart=  3.9000e+00,  0.0000e+00,  3.1416e+01--> X =   3.9000e+00,  1.3471e-16,  9.5522e-16 
		[0] ExtrudeTorus 20) psi=  0.0000e+00 theta=  0.0000e+00 phi=  0.0000e+00. Cart=  5.0000e+00,  0.0000e+00,  0.0000e+00--> X =   5.0000e+00,  0.0000e+00, -0.0000e+00 
		[0] ExtrudeTorus 21) psi=  0.0000e+00 theta=  0.0000e+00 phi=  1.5708e+00. Cart=  5.0000e+00,  0.0000e+00,  7.8540e+00--> X =   3.0616e-16,  0.0000e+00, -5.0000e+00 
		[0] ExtrudeTorus 22) psi=  0.0000e+00 theta=  0.0000e+00 phi=  3.1416e+00. Cart=  5.0000e+00,  0.0000e+00,  1.5708e+01--> X =  -5.0000e+00,  0.0000e+00, -6.1232e-16 
		[0] ExtrudeTorus 23) psi=  0.0000e+00 theta=  0.0000e+00 phi=  4.7124e+00. Cart=  5.0000e+00,  0.0000e+00,  2.3562e+01--> X =  -9.1849e-16,  0.0000e+00,  5.0000e+00 
		[0] ExtrudeTorus 24) psi=  0.0000e+00 theta=  0.0000e+00 phi=  6.2832e+00. Cart=  5.0000e+00,  0.0000e+00,  3.1416e+01--> X =   5.0000e+00,  0.0000e+00,  1.2246e-15 
		[0] ExtrudeTorus 25) psi=  1.1000e+00 theta=  0.0000e+00 phi=  0.0000e+00. Cart=  6.1000e+00,  0.0000e+00,  0.0000e+00--> X =   6.1000e+00,  0.0000e+00, -0.0000e+00 
		[0] ExtrudeTorus 26) psi=  1.1000e+00 theta=  0.0000e+00 phi=  1.5708e+00. Cart=  6.1000e+00,  0.0000e+00,  7.8540e+00--> X =   3.7352e-16,  0.0000e+00, -6.1000e+00 
		[0] ExtrudeTorus 27) psi=  1.1000e+00 theta=  0.0000e+00 phi=  3.1416e+00. Cart=  6.1000e+00,  0.0000e+00,  1.5708e+01--> X =  -6.1000e+00,  0.0000e+00, -7.4703e-16 
		[0] ExtrudeTorus 28) psi=  1.1000e+00 theta=  0.0000e+00 phi=  4.7124e+00. Cart=  6.1000e+00,  0.0000e+00,  2.3562e+01--> X =  -1.1206e-15,  0.0000e+00,  6.1000e+00 
		[0] ExtrudeTorus 29) psi=  1.1000e+00 theta=  0.0000e+00 phi=  6.2832e+00. Cart=  6.1000e+00,  0.0000e+00,  3.1416e+01--> X =   6.1000e+00,  0.0000e+00,  1.4941e-15 
		[0] ExtrudeTorus 30) psi=  1.5556e+00 theta=  2.3562e+00 phi=  0.0000e+00. Cart=  3.9000e+00,  1.1000e+00,  0.0000e+00--> X =   3.9000e+00,  1.1000e+00, -0.0000e+00 
		[0] ExtrudeTorus 31) psi=  1.5556e+00 theta=  2.3562e+00 phi=  1.5708e+00. Cart=  3.9000e+00,  1.1000e+00,  7.8540e+00--> X =   2.3881e-16,  1.1000e+00, -3.9000e+00 
		[0] ExtrudeTorus 32) psi=  1.5556e+00 theta=  2.3562e+00 phi=  3.1416e+00. Cart=  3.9000e+00,  1.1000e+00,  1.5708e+01--> X =  -3.9000e+00,  1.1000e+00, -4.7761e-16 
		[0] ExtrudeTorus 33) psi=  1.5556e+00 theta=  2.3562e+00 phi=  4.7124e+00. Cart=  3.9000e+00,  1.1000e+00,  2.3562e+01--> X =  -7.1642e-16,  1.1000e+00,  3.9000e+00 
		[0] ExtrudeTorus 34) psi=  1.5556e+00 theta=  2.3562e+00 phi=  6.2832e+00. Cart=  3.9000e+00,  1.1000e+00,  3.1416e+01--> X =   3.9000e+00,  1.1000e+00,  9.5522e-16 
		[0] ExtrudeTorus 35) psi=  1.1000e+00 theta=  1.5708e+00 phi=  0.0000e+00. Cart=  5.0000e+00,  1.1000e+00,  0.0000e+00--> X =   5.0000e+00,  1.1000e+00, -0.0000e+00 
		[0] ExtrudeTorus 36) psi=  1.1000e+00 theta=  1.5708e+00 phi=  1.5708e+00. Cart=  5.0000e+00,  1.1000e+00,  7.8540e+00--> X =   3.0616e-16,  1.1000e+00, -5.0000e+00 
		[0] ExtrudeTorus 37) psi=  1.1000e+00 theta=  1.5708e+00 phi=  3.1416e+00. Cart=  5.0000e+00,  1.1000e+00,  1.5708e+01--> X =  -5.0000e+00,  1.1000e+00, -6.1232e-16 
		[0] ExtrudeTorus 38) psi=  1.1000e+00 theta=  1.5708e+00 phi=  4.7124e+00. Cart=  5.0000e+00,  1.1000e+00,  2.3562e+01--> X =  -9.1849e-16,  1.1000e+00,  5.0000e+00 
		[0] ExtrudeTorus 39) psi=  1.1000e+00 theta=  1.5708e+00 phi=  6.2832e+00. Cart=  5.0000e+00,  1.1000e+00,  3.1416e+01--> X =   5.0000e+00,  1.1000e+00,  1.2246e-15 
		[0] ExtrudeTorus 40) psi=  1.5556e+00 theta=  7.8540e-01 phi=  0.0000e+00. Cart=  6.1000e+00,  1.1000e+00,  0.0000e+00--> X =   6.1000e+00,  1.1000e+00, -0.0000e+00 
		[0] ExtrudeTorus 41) psi=  1.5556e+00 theta=  7.8540e-01 phi=  1.5708e+00. Cart=  6.1000e+00,  1.1000e+00,  7.8540e+00--> X =   3.7352e-16,  1.1000e+00, -6.1000e+00 
		[0] ExtrudeTorus 42) psi=  1.5556e+00 theta=  7.8540e-01 phi=  3.1416e+00. Cart=  6.1000e+00,  1.1000e+00,  1.5708e+01--> X =  -6.1000e+00,  1.1000e+00, -7.4703e-16 
		[0] ExtrudeTorus 43) psi=  1.5556e+00 theta=  7.8540e-01 phi=  4.7124e+00. Cart=  6.1000e+00,  1.1000e+00,  2.3562e+01--> X =  -1.1206e-15,  1.1000e+00,  6.1000e+00 
		[0] ExtrudeTorus 44) psi=  1.5556e+00 theta=  7.8540e-01 phi=  6.2832e+00. Cart=  6.1000e+00,  1.1000e+00,  3.1416e+01--> X =   6.1000e+00,  1.1000e+00,  1.4941e-15 
Radial psi_0 = 1. for radial proc 0
[0] CreateParticles: npart(504): r=3, theta=14, phi=3. n proc: r=1, theta=1, phi=1. r0 = 0. dr = 1. dx = 0.460667
	[0] CreateParticles done: npart = 0
