		[0] ExtrudeTorus 0) psi=  1.5556e+00 theta=  3.9270e+00 phi=  0.0000e+00. Cart=  3.9000e+00, -1.1000e+00,  0.0000e+00--> X =   3.9000e+00, -1.1000e+00, -0.0000e+00 
		[0] ExtrudeTorus 1) psi=  1.5556e+00 theta=  3.9270e+00 phi=  1.5708e+00. Cart=  3.9000e+00, -1.1000e+00,  7.8540e+00--> X =   2.3881e-16, -1.1000e+00, -3.9000e+00 
		[0] ExtrudeTorus 2) psi=  1.5556e+00 theta=  3.9270e+00 phi=  3.1416e+00. Cart=  3.9000e+00, -1.1000e+00,  1.5708e+01--> X =  -3.9000e+00, -1.1000e+00, -4.7761e-16 
		[0] ExtrudeTorus 3) psi=  1.5556e+00 theta=  3.9270e+00 phi=  4.7124e+00. Cart=  3.9000e+00, -1.1000e+00,  2.3562e+01--> X =  -7.1642e-16, -1.1000e+00,  3.9000e+00 
		[0] ExtrudeTorus 4) psi=  1.5556e+00 theta=  3.9270e+00 phi=  6.2832e+00. Cart=  3.9000e+00, -1.1000e+00,  3.1416e+01--> X =   3.9000e+00, -1.1000e+00,  9.5522e-16 
		[0] ExtrudeTorus 5) psi=  1.1000e+00 theta=  4.7124e+00 phi=  0.0000e+00. Cart=  5.0000e+00, -1.1000e+00,  0.0000e+00--> X =   5.0000e+00, -1.1000e+00, -0.0000e+00 
		[0] ExtrudeTorus 6) psi=  1.1000e+00 theta=  4.7124e+00 phi=  1.5708e+00. Cart=  5.0000e+00, -1.1000e+00,  7.8540e+00--> X =   3.0616e-16, -1.1000e+00, -5.0000e+00 
		[0] ExtrudeTorus 7) psi=  1.1000e+00 theta=  4.7124e+00 phi=  3.1416e+00. Cart=  5.0000e+00, -1.1000e+00,  1.5708e+01--> X =  -5.0000e+00, -1.1000e+00, -6.1232e-16 
		[0] ExtrudeTorus 8) psi=  1.1000e+00 theta=  4.7124e+00 phi=  4.7124e+00. Cart=  5.0000e+00, -1.1000e+00,  2.3562e+01--> X =  -9.1849e-16, -1.1000e+00,  5.0000e+00 
		[0] ExtrudeTorus 9) psi=  1.1000e+00 theta=  4.7124e+00 phi=  6.2832e+00. Cart=  5.0000e+00, -1.1000e+00,  3.1416e+01--> X =   5.0000e+00, -1.1000e+00,  1.2246e-15 
		[0] ExtrudeTorus 10) psi=  1.1000e+00 theta=  3.1416e+00 phi=  0.0000e+00. Cart=  3.9000e+00,  0.0000e+00,  0.0000e+00--> X =   3.9000e+00,  1.3471e-16, -0.0000e+00 
		[0] ExtrudeTorus 11) psi=  1.1000e+00 theta=  3.1416e+00 phi=  1.5708e+00. Cart=  3.9000e+00,  0.0000e+00,  7.8540e+00--> X =   2.3881e-16,  1.3471e-16, -3.9000e+00 
		[0] ExtrudeTorus 12) psi=  1.1000e+00 theta=  3.1416e+00 phi=  3.1416e+00. Cart=  3.9000e+00,  0.0000e+00,  1.5708e+01--> X =  -3.9000e+00,  1.3471e-16, -4.7761e-16 
		[0] ExtrudeTorus 13) psi=  1.1000e+00 theta=  3.1416e+00 phi=  4.7124e+00. Cart=  3.9000e+00,  0.0000e+00,  2.3562e+01--> X =  -7.1642e-16,  1.3471e-16,  3.9000e+00 
		[0] ExtrudeTorus 14) psi=  1.1000e+00 theta=  3.1416e+00 phi=  6.2832e+00. Cart=  3.9000e+00,  0.0000e+00,  3.1416e+01--> X =   3.9000e+00,  1.3471e-16,  9.5522e-16 
		[0] ExtrudeTorus 15) psi=  0.0000e+00 theta=  0.0000e+00 phi=  0.0000e+00. Cart=  5.0000e+00,  0.0000e+00,  0.0000e+00--> X =   5.0000e+00,  0.0000e+00, -0.0000e+00 
		[0] ExtrudeTorus 16) psi=  0.0000e+00 theta=  0.0000e+00 phi=  1.5708e+00. Cart=  5.0000e+00,  0.0000e+00,  7.8540e+00--> X =   3.0616e-16,  0.0000e+00, -5.0000e+00 
		[0] ExtrudeTorus 17) psi=  0.0000e+00 theta=  0.0000e+00 phi=  3.1416e+00. Cart=  5.0000e+00,  0.0000e+00,  1.5708e+01--> X =  -5.0000e+00,  0.0000e+00, -6.1232e-16 
		[0] ExtrudeTorus 18) psi=  0.0000e+00 theta=  0.0000e+00 phi=  4.7124e+00. Cart=  5.0000e+00,  0.0000e+00,  2.3562e+01--> X =  -9.1849e-16,  0.0000e+00,  5.0000e+00 
		[0] ExtrudeTorus 19) psi=  0.0000e+00 theta=  0.0000e+00 phi=  6.2832e+00. Cart=  5.0000e+00,  0.0000e+00,  3.1416e+01--> X =   5.0000e+00,  0.0000e+00,  1.2246e-15 
Radial psi_0 = 1. for radial proc 0
[0] CreateParticles: npart(24): r=2, theta=6, phi=2. n proc: r=1, theta=1, phi=4. r0 = 0. dr = 1. dx = 0.58027
	[0] CreateParticles done: npart = 0
